../Core/Src/main.c:72:1:__io_putchar	16	static
../Core/Src/main.c:101:13:GetCurrentMode	16	static
../Core/Src/main.c:118:6:UpdateMotorSpeed	4	static
../Core/Src/main.c:136:6:SetMotorDirection_Safe	8	static
../Core/Src/main.c:145:6:Motor_Init	8	static
../Core/Src/main.c:166:6:Motor_Task	16	static
../Core/Src/main.c:191:6:HAL_UART_RxCpltCallback	16	static
../Core/Src/main.c:224:6:Process_Received_Data	16	static
../Core/Src/main.c:259:5:main	8	static
../Core/Src/main.c:345:6:SystemClock_Config	88	static
../Core/Src/main.c:393:6:Error_Handler	4	static,ignoring_inline_asm
